Upgrading build.gradle
Upgrading gradle.properties
Upgrading gradle.properties
Running Gradle task 'assembleRelease'...                        

FAILURE: Build failed with an exception.

* Where:
Build file '/home/runner/work/Student-hodor/Student-hodor/android/app/build.gradle' line: 4

* What went wrong:
An exception occurred applying plugin request [id: 'dev.flutter.flutter-gradle-plugin']
> Failed to apply plugin 'dev.flutter.flutter-gradle-plugin'.
   > Error: Your project's Gradle version (8.10.2) is lower than Flutter's minimum supported version of 8.14.0. Please upgrade your Gradle version. 
     Alternatively, use the flag "--android-skip-build-dependency-validation" to bypass this check.

     Potential fix: Your project's gradle version is typically defined in the gradle wrapper file. By default, this can be found at /home/runner/work/Student-hodor/Student-hodor/android/gradle/wrapper/gradle-wrapper.properties. 
     For more information, see https://docs.gradle.org/current/userguide/gradle_wrapper.html.


* Try:
> Run with --stacktrace option to get the stack trace.
> Run with --info or --debug option to get more log output.
> Run with --scan to get full insights.
> Get more help at https://help.gradle.org.

BUILD FAILED in 2m 7s
Running Gradle task 'assembleRelease'...                          128.3s

┌─ Flutter Fix ────────────────────────────────────────────────────────────────────────┐
│ [!] Starting AGP 9+, only the new DSL interface will be read.                        │
│ This results in a build failure when applying the Flutter Gradle plugin at           │
│ /home/runner/work/Student-hodor/Student-hodor/android/app/build.gradle.              │
│                                                                                      │
│ To resolve this update flutter or opt out of `android.newDsl`.                       │
│ For instructions on how to opt out, see:                                             │
│ https://developer.android.com/build/releases/agp-9-0-0-release-notes                 │
│                                                                                      │
│ If you are not upgrading to AGP 9+, run `flutter analyze --suggestions` to check for │
│ incompatible dependencies.                                                           │
└──────────────────────────────────────────────────────────────────────────────────────┘
Gradle task assembleRelease failed with exit code 1
